[2026-09-07 16:59:15,135] 28 root - INFO - Initiate Data Ingestion
[2026-09-07 16:59:15,319] 96 pymongo.serverSelection - INFO - {"message": "Waiting for suitable server to become available", "selector": "Primary()", "operation": "find", "topologyDescription": "<TopologyDescription id: 6a9ea00bb06e619efe3f60a1, topology_type: ReplicaSetNoPrimary, servers: [<ServerDescription ('cluster0-shard-00-00.gzfpi.mongodb.net', 27017) server_type: Unknown, rtt: None>, <ServerDescription ('cluster0-shard-00-01.gzfpi.mongodb.net', 27017) server_type: Unknown, rtt: None>, <ServerDescription ('cluster0-shard-00-02.gzfpi.mongodb.net', 27017) server_type: Unknown, rtt: None>]>", "clientId": {"$oid": "6a9ea00bb06e619efe3f60a1"}, "remainingTimeMS": 30}
[2026-09-07 16:59:17,769] 85 root - INFO - Performed train test split on the dataframe
[2026-09-07 16:59:17,769] 89 root - INFO - Exited split_data_as_train_test method of Data_Ingestion class
[2026-09-07 16:59:17,770] 104 root - INFO - Exporting the train and test file path
[2026-09-07 16:59:17,818] 120 root - INFO - Exported Train and Test File Path
[2026-09-07 16:59:17,819] 32 root - INFO - Data Initiation Completed
[2026-09-07 16:59:17,835] 36 root - INFO - Initiate Data Validation
[2026-09-07 16:59:17,896] 30 root - INFO - Required number of columns:2
[2026-09-07 16:59:17,897] 31 root - INFO - Dataframe has columns:Index(['having_IP_Address', 'URL_Length', 'Shortining_Service',
       'having_At_Symbol', 'double_slash_redirecting', 'Prefix_Suffix',
       'having_Sub_Domain', 'SSLfinal_State', 'Domain_registeration_length',
       'Favicon', 'port', 'HTTPS_token', 'Request_URL', 'URL_of_Anchor',
       'Links_in_tags', 'SFH', 'Submitting_to_email', 'Abnormal_URL',
       'Redirect', 'on_mouseover', 'RightClick', 'popUpWidnow', 'Iframe',
       'age_of_domain', 'DNSRecord', 'web_traffic', 'Page_Rank',
       'Google_Index', 'Links_pointing_to_page', 'Statistical_report',
       'Result'],
      dtype='object')
[2026-09-07 16:59:17,897] 30 root - INFO - Required number of columns:2
[2026-09-07 16:59:17,897] 31 root - INFO - Dataframe has columns:Index(['having_IP_Address', 'URL_Length', 'Shortining_Service',
       'having_At_Symbol', 'double_slash_redirecting', 'Prefix_Suffix',
       'having_Sub_Domain', 'SSLfinal_State', 'Domain_registeration_length',
       'Favicon', 'port', 'HTTPS_token', 'Request_URL', 'URL_of_Anchor',
       'Links_in_tags', 'SFH', 'Submitting_to_email', 'Abnormal_URL',
       'Redirect', 'on_mouseover', 'RightClick', 'popUpWidnow', 'Iframe',
       'age_of_domain', 'DNSRecord', 'web_traffic', 'Page_Rank',
       'Google_Index', 'Links_pointing_to_page', 'Statistical_report',
       'Result'],
      dtype='object')
[2026-09-07 16:59:18,006] 38 root - INFO - Data Validation Completed
[2026-09-07 16:59:18,007] 49 root - INFO - Enter the initiate_data_transformation method of DataTransformation Class  
[2026-09-07 16:59:18,007] 51 root - INFO - Starting Data Information
[2026-09-07 16:59:18,039] 38 root - INFO - Entered get_data_data_transformer_object method of Transformation Class
[2026-09-07 16:59:18,039] 41 root - INFO - Initialise KNNImputer with {'missing_values': nan, 'n_neighbors': 3, 'weights': 'uniform'}
[2026-09-07 16:59:18,059] 43 root - INFO - Entered the save object method of Main Utils class
[2026-09-07 16:59:18,062] 47 root - INFO - Exited the save object method of MainUtils class
[2026-09-07 16:59:18,063] 44 root - INFO - Data Transformation completed
[2026-09-07 16:59:18,063] 46 root - INFO - Model Training Started
