[2026-09-06 14:52:47,215] 28 root - INFO - Initiate Data Ingestion
[2026-09-06 14:52:47,406] 96 pymongo.serverSelection - INFO - {"message": "Waiting for suitable server to become available", "selector": "Primary()", "operation": "find", "topologyDescription": "<TopologyDescription id: 6a9d30e7d58d09eae4166b6f, topology_type: ReplicaSetNoPrimary, servers: [<ServerDescription ('cluster0-shard-00-00.gzfpi.mongodb.net', 27017) server_type: Unknown, rtt: None>, <ServerDescription ('cluster0-shard-00-01.gzfpi.mongodb.net', 27017) server_type: Unknown, rtt: None>, <ServerDescription ('cluster0-shard-00-02.gzfpi.mongodb.net', 27017) server_type: Unknown, rtt: None>]>", "clientId": {"$oid": "6a9d30e7d58d09eae4166b6f"}, "remainingTimeMS": 30}
[2026-09-06 14:52:49,514] 85 root - INFO - Performed train test split on the dataframe
[2026-09-06 14:52:49,514] 89 root - INFO - Exited split_data_as_train_test method of Data_Ingestion class
[2026-09-06 14:52:49,515] 104 root - INFO - Exporting the train and test file path
[2026-09-06 14:52:49,561] 120 root - INFO - Exported Train and Test File Path
[2026-09-06 14:52:49,561] 32 root - INFO - Data Initiation Completed
[2026-09-06 14:52:49,567] 36 root - INFO - Initiate Data Validation
[2026-09-06 14:52:49,617] 30 root - INFO - Required number of columns:2
[2026-09-06 14:52:49,618] 31 root - INFO - Dataframe has columns:Index(['having_IP_Address', 'URL_Length', 'Shortining_Service',
       'having_At_Symbol', 'double_slash_redirecting', 'Prefix_Suffix',
       'having_Sub_Domain', 'SSLfinal_State', 'Domain_registeration_length',
       'Favicon', 'port', 'HTTPS_token', 'Request_URL', 'URL_of_Anchor',
       'Links_in_tags', 'SFH', 'Submitting_to_email', 'Abnormal_URL',
       'Redirect', 'on_mouseover', 'RightClick', 'popUpWidnow', 'Iframe',
       'age_of_domain', 'DNSRecord', 'web_traffic', 'Page_Rank',
       'Google_Index', 'Links_pointing_to_page', 'Statistical_report',
       'Result'],
      dtype='object')
[2026-09-06 14:52:49,618] 30 root - INFO - Required number of columns:2
[2026-09-06 14:52:49,618] 31 root - INFO - Dataframe has columns:Index(['having_IP_Address', 'URL_Length', 'Shortining_Service',
       'having_At_Symbol', 'double_slash_redirecting', 'Prefix_Suffix',
       'having_Sub_Domain', 'SSLfinal_State', 'Domain_registeration_length',
       'Favicon', 'port', 'HTTPS_token', 'Request_URL', 'URL_of_Anchor',
       'Links_in_tags', 'SFH', 'Submitting_to_email', 'Abnormal_URL',
       'Redirect', 'on_mouseover', 'RightClick', 'popUpWidnow', 'Iframe',
       'age_of_domain', 'DNSRecord', 'web_traffic', 'Page_Rank',
       'Google_Index', 'Links_pointing_to_page', 'Statistical_report',
       'Result'],
      dtype='object')
[2026-09-06 14:52:49,709] 38 root - INFO - Data Validation Completed
[2026-09-06 14:52:49,710] 49 root - INFO - Enter the initiate_data_transformation method of DataTransformation Class  
[2026-09-06 14:52:49,710] 51 root - INFO - Starting Data Information
[2026-09-06 14:52:49,734] 38 root - INFO - Entered get_data_data_transformer_object method of Transformation Class
[2026-09-06 14:52:49,734] 41 root - INFO - Initialise KNNImputer with {'missing_values': nan, 'n_neighbors': 3, 'weights': 'uniform'}
[2026-09-06 14:52:49,746] 43 root - INFO - Entered the save object method of Main Utils class
[2026-09-06 14:52:49,749] 47 root - INFO - Exited the save object method of MainUtils class
[2026-09-06 14:52:49,750] 44 root - INFO - Data Transformation completed
[2026-09-06 14:52:49,750] 46 root - INFO - Model Training Started
[2026-09-06 14:57:29,262] 43 root - INFO - Entered the save object method of Main Utils class
[2026-09-06 14:57:29,326] 47 root - INFO - Exited the save object method of MainUtils class
[2026-09-06 14:57:29,327] 86 root - INFO - Model trainer artifact:ModelTrainerArtifact(trained_model_file_path='Artifacts\\09_06_2026_14_52_45\\model_trainer\\trained_model\\model.pkl', train_metric_artifact=ClassificationMetricArtifact(f1_score=0.99146167920309, precision_score=0.9904549147034931, recall_score=0.9924704924704925), test_metric_artifact=ClassificationMetricArtifact(f1_score=0.9784688995215312, precision_score=0.9699604743083003, recall_score=0.9871279163314561))
[2026-09-06 14:57:29,333] 50 root - INFO - Model training artifact created
