[2026-09-07 17:04:31,769] 28 root - INFO - Initiate Data Ingestion
[2026-09-07 17:04:31,963] 96 pymongo.serverSelection - INFO - {"message": "Waiting for suitable server to become available", "selector": "Primary()", "operation": "find", "topologyDescription": "<TopologyDescription id: 6a9ea147c75e53802c680419, topology_type: ReplicaSetNoPrimary, servers: [<ServerDescription ('cluster0-shard-00-00.gzfpi.mongodb.net', 27017) server_type: Unknown, rtt: None>, <ServerDescription ('cluster0-shard-00-01.gzfpi.mongodb.net', 27017) server_type: Unknown, rtt: None>, <ServerDescription ('cluster0-shard-00-02.gzfpi.mongodb.net', 27017) server_type: Unknown, rtt: None>]>", "clientId": {"$oid": "6a9ea147c75e53802c680419"}, "remainingTimeMS": 30}
[2026-09-07 17:04:34,385] 85 root - INFO - Performed train test split on the dataframe
[2026-09-07 17:04:34,385] 89 root - INFO - Exited split_data_as_train_test method of Data_Ingestion class
[2026-09-07 17:04:34,385] 104 root - INFO - Exporting the train and test file path
[2026-09-07 17:04:34,452] 120 root - INFO - Exported Train and Test File Path
[2026-09-07 17:04:34,453] 32 root - INFO - Data Initiation Completed
[2026-09-07 17:04:34,461] 36 root - INFO - Initiate Data Validation
[2026-09-07 17:04:34,537] 30 root - INFO - Required number of columns:2
[2026-09-07 17:04:34,538] 31 root - INFO - Dataframe has columns:Index(['having_IP_Address', 'URL_Length', 'Shortining_Service',
       'having_At_Symbol', 'double_slash_redirecting', 'Prefix_Suffix',
       'having_Sub_Domain', 'SSLfinal_State', 'Domain_registeration_length',
       'Favicon', 'port', 'HTTPS_token', 'Request_URL', 'URL_of_Anchor',
       'Links_in_tags', 'SFH', 'Submitting_to_email', 'Abnormal_URL',
       'Redirect', 'on_mouseover', 'RightClick', 'popUpWidnow', 'Iframe',
       'age_of_domain', 'DNSRecord', 'web_traffic', 'Page_Rank',
       'Google_Index', 'Links_pointing_to_page', 'Statistical_report',
       'Result'],
      dtype='object')
[2026-09-07 17:04:34,538] 30 root - INFO - Required number of columns:2
[2026-09-07 17:04:34,539] 31 root - INFO - Dataframe has columns:Index(['having_IP_Address', 'URL_Length', 'Shortining_Service',
       'having_At_Symbol', 'double_slash_redirecting', 'Prefix_Suffix',
       'having_Sub_Domain', 'SSLfinal_State', 'Domain_registeration_length',
       'Favicon', 'port', 'HTTPS_token', 'Request_URL', 'URL_of_Anchor',
       'Links_in_tags', 'SFH', 'Submitting_to_email', 'Abnormal_URL',
       'Redirect', 'on_mouseover', 'RightClick', 'popUpWidnow', 'Iframe',
       'age_of_domain', 'DNSRecord', 'web_traffic', 'Page_Rank',
       'Google_Index', 'Links_pointing_to_page', 'Statistical_report',
       'Result'],
      dtype='object')
[2026-09-07 17:04:34,665] 38 root - INFO - Data Validation Completed
[2026-09-07 17:04:34,665] 49 root - INFO - Enter the initiate_data_transformation method of DataTransformation Class  
[2026-09-07 17:04:34,665] 51 root - INFO - Starting Data Information
[2026-09-07 17:04:34,700] 38 root - INFO - Entered get_data_data_transformer_object method of Transformation Class
[2026-09-07 17:04:34,700] 41 root - INFO - Initialise KNNImputer with {'missing_values': nan, 'n_neighbors': 3, 'weights': 'uniform'}
[2026-09-07 17:04:34,717] 43 root - INFO - Entered the save object method of Main Utils class
[2026-09-07 17:04:34,721] 47 root - INFO - Exited the save object method of MainUtils class
[2026-09-07 17:04:34,723] 44 root - INFO - Data Transformation completed
[2026-09-07 17:04:34,723] 46 root - INFO - Model Training Started
[2026-09-07 17:07:37,382] 43 root - INFO - Entered the save object method of Main Utils class
[2026-09-07 17:07:37,402] 47 root - INFO - Exited the save object method of MainUtils class
[2026-09-07 17:07:37,402] 158 root - INFO - Model trainer artifact: ModelTrainerArtifact(trained_model_file_path='Artifacts\\09_07_2026_17_04_29\\model_trainer\\trained_model\\model.pkl', train_metric_artifact=ClassificationMetricArtifact(f1_score=0.9899584136322143, precision_score=0.9866558835422564, recall_score=0.9932831263993487), test_metric_artifact=ClassificationMetricArtifact(f1_score=0.9812524930195453, precision_score=0.9738717339667459, recall_score=0.9887459807073955))
[2026-09-07 17:07:37,405] 50 root - INFO - Model training artifact created
